    Blocking waiting for file lock on build directory
   Compiling regex v1.13.1
   Compiling tower v0.5.3
   Compiling futures-executor v0.3.34
   Compiling apeireth-core v2.0.0 (C:\Users\31683\Apeireth-rust\reconstruction_v2\crates\apeireth-core)
   Compiling h2 v0.3.27
   Compiling axum-core v0.4.5
   Compiling axum-macros v0.4.2
   Compiling hyper v1.11.0
   Compiling hashlink v0.9.1
   Compiling tokio-tungstenite v0.24.0
   Compiling tower-http v0.5.2
   Compiling prost v0.13.5
   Compiling ratatui-widgets v0.3.2
warning: unexpected `cfg` condition name: `kani`
   --> crates\apeireth-asi\src\organ_kani_proofs.rs:100:7
    |
100 | #[cfg(kani)]
    |       ^^^^
    |
    = help: expected names are: `docsrs`, `feature`, and `test` and 32 more
    = help: consider using a Cargo feature instead
    = help: or consider adding in `Cargo.toml` the `check-cfg` lint config for the lint:
             [lints.rust]
             unexpected_cfgs = { level = "warn", check-cfg = ['cfg(kani)'] }
    = help: or consider adding `println!("cargo::rustc-check-cfg=cfg(kani)");` to the top of the `build.rs`
    = note: see <https://doc.rust-lang.org/nightly/rustc/check-cfg/cargo-specifics.html> for more information about checking conditional configuration
    = note: `#[warn(unexpected_cfgs)]` on by default

warning: unexpected `cfg` condition name: `kani`
   --> crates\apeireth-asi\src\organ_kani_proofs.rs:107:7
    |
107 | #[cfg(kani)]
    |       ^^^^
    |
    = help: consider using a Cargo feature instead
    = help: or consider adding in `Cargo.toml` the `check-cfg` lint config for the lint:
             [lints.rust]
             unexpected_cfgs = { level = "warn", check-cfg = ['cfg(kani)'] }
    = help: or consider adding `println!("cargo::rustc-check-cfg=cfg(kani)");` to the top of the `build.rs`
    = note: see <https://doc.rust-lang.org/nightly/rustc/check-cfg/cargo-specifics.html> for more information about checking conditional configuration

warning: unused imports: `AsiV05Scores`, `V05_DIMENSION_NAMES`, `V05_DIM_COUNT`, `V1136Submeasures`, `V1136_SUBMEASURE_COUNT`, and `V1136_SUBMEASURE_NAMES`
 --> crates\apeireth-asi\src\organ_kani_proofs.rs:8:5
  |
8 |     AsiV05Scores, V1136Submeasures, V05_DIMENSION_NAMES, V05_DIM_COUNT,
  |     ^^^^^^^^^^^^  ^^^^^^^^^^^^^^^^  ^^^^^^^^^^^^^^^^^^^  ^^^^^^^^^^^^^
9 |     V1136_SUBMEASURE_COUNT, V1136_SUBMEASURE_NAMES,
  |     ^^^^^^^^^^^^^^^^^^^^^^  ^^^^^^^^^^^^^^^^^^^^^^
  |
  = note: `#[warn(unused_imports)]` (part of `#[warn(unused)]`) on by default

warning: `apeireth-asi` (lib) generated 3 warnings (run `cargo fix --lib -p apeireth-asi` to apply 1 suggestion)
   Compiling ratatui-crossterm v0.1.2
   Compiling tower v0.4.13
   Compiling simple_asn1 v0.6.4
   Compiling toml v0.8.23
   Compiling async-tungstenite v0.25.1
   Compiling tokio-tungstenite v0.25.0
   Compiling apeireth-provider v2.0.0 (C:\Users\31683\Apeireth-rust\reconstruction_v2\crates\apeireth-provider)
   Compiling apeireth-graph v2.0.0 (C:\Users\31683\Apeireth-rust\reconstruction_v2\crates\apeireth-graph)
   Compiling jsonschema v0.28.3
   Compiling futures v0.3.34
crates\apeireth-provider\src\reasoning_adapter.rs:33:45: error: character constant must be escaped: `\n`
crates\apeireth-graph\src\conditional.rs:5:13: warning: unused imports: `Deserialize` and `Serialize`
crates\apeireth-graph\src\state_graph.rs:7:25: warning: unused imports: `Graph` and `NodeOutput`
   Compiling rusqlite v0.31.0
error: could not compile `apeireth-provider` (lib) due to 1 previous error
warning: build failed, waiting for other jobs to finish...
warning: `apeireth-graph` (lib) generated 2 warnings (run `cargo fix --lib -p apeireth-graph` to apply 2 suggestions)
