warning: unexpected `cfg` condition name: `kani`
   --> crates\apeireth-asi\src\organ_kani_proofs.rs:100:7
    |
100 | #[cfg(kani)]
    |       ^^^^
    |
    = help: expected names are: `docsrs`, `feature`, and `test` and 32 more
    = help: consider using a Cargo feature instead
    = help: or consider adding in `Cargo.toml` the `check-cfg` lint config for the lint:
             [lints.rust]
             unexpected_cfgs = { level = "warn", check-cfg = ['cfg(kani)'] }
    = help: or consider adding `println!("cargo::rustc-check-cfg=cfg(kani)");` to the top of the `build.rs`
    = note: see <https://doc.rust-lang.org/nightly/rustc/check-cfg/cargo-specifics.html> for more information about checking conditional configuration
    = note: `#[warn(unexpected_cfgs)]` on by default

warning: unexpected `cfg` condition name: `kani`
   --> crates\apeireth-asi\src\organ_kani_proofs.rs:107:7
    |
107 | #[cfg(kani)]
    |       ^^^^
    |
    = help: consider using a Cargo feature instead
    = help: or consider adding in `Cargo.toml` the `check-cfg` lint config for the lint:
             [lints.rust]
             unexpected_cfgs = { level = "warn", check-cfg = ['cfg(kani)'] }
    = help: or consider adding `println!("cargo::rustc-check-cfg=cfg(kani)");` to the top of the `build.rs`
    = note: see <https://doc.rust-lang.org/nightly/rustc/check-cfg/cargo-specifics.html> for more information about checking conditional configuration

warning: unused imports: `AsiV05Scores`, `V05_DIMENSION_NAMES`, `V05_DIM_COUNT`, `V1136Submeasures`, `V1136_SUBMEASURE_COUNT`, and `V1136_SUBMEASURE_NAMES`
 --> crates\apeireth-asi\src\organ_kani_proofs.rs:8:5
  |
8 |     AsiV05Scores, V1136Submeasures, V05_DIMENSION_NAMES, V05_DIM_COUNT,
  |     ^^^^^^^^^^^^  ^^^^^^^^^^^^^^^^  ^^^^^^^^^^^^^^^^^^^  ^^^^^^^^^^^^^
9 |     V1136_SUBMEASURE_COUNT, V1136_SUBMEASURE_NAMES,
  |     ^^^^^^^^^^^^^^^^^^^^^^  ^^^^^^^^^^^^^^^^^^^^^^
  |
  = note: `#[warn(unused_imports)]` (part of `#[warn(unused)]`) on by default

warning: `apeireth-asi` (lib) generated 3 warnings (run `cargo fix --lib -p apeireth-asi` to apply 1 suggestion)
warning: unused import: `std::collections::HashMap`
 --> crates\apeireth-storage\src\memory_agent_trace.rs:5:5
  |
5 | use std::collections::HashMap;
  |     ^^^^^^^^^^^^^^^^^^^^^^^^^
  |
  = note: `#[warn(unused_imports)]` (part of `#[warn(unused)]`) on by default

warning: calls to `std::mem::drop` with a reference instead of an owned value does nothing
   --> crates\apeireth-storage\src\memory_identity.rs:100:9
    |
100 |         drop(target);
    |         ^^^^^------^
    |              |
    |              argument has type `&mut UserIdentity`
    |
    = note: `#[warn(dropping_references)]` on by default
help: use `let _ = ...` to ignore the expression or result
    |
100 -         drop(target);
100 +         let _ = target;
    |

warning: unused import: `AuthorityMode`
 --> crates\apeireth-sovereignty\src\ha_modes.rs:3:17
  |
3 | use crate::ha::{AuthorityMode, BiometricProvider, BiometricResult, HumanAuthority, MultiSigPolicy};
  |                 ^^^^^^^^^^^^^
  |
  = note: `#[warn(unused_imports)]` (part of `#[warn(unused)]`) on by default

warning: unused import: `SovereigntyDomain`
 --> crates\apeireth-sovereignty\src\sovereign.rs:4:67
  |
4 | use crate::decision::{Decision, DecisionOutcome, DecisionRequest, SovereigntyDomain};
  |                                                                   ^^^^^^^^^^^^^^^^^

warning: unused imports: `SelfDisableCheck`, `SelfDisableGuard`, and `SelfDisableRecord`
 --> crates\apeireth-sovereignty\src\kani_proofs.rs:6:5
  |
6 |     SelfDisableCheck, SelfDisableGuard, SelfDisableRecord, SelfDisableTrigger,
  |     ^^^^^^^^^^^^^^^^  ^^^^^^^^^^^^^^^^  ^^^^^^^^^^^^^^^^^

warning: unused imports: `SelfDisableGuard` and `SelfDisableTrigger`
 --> crates\apeireth-sovereignty\src\organ_kani_proofs.rs:5:27
  |
5 | use crate::self_disable::{SelfDisableGuard, SelfDisableTrigger};
  |                           ^^^^^^^^^^^^^^^^  ^^^^^^^^^^^^^^^^^^

warning: method `push_record` is never used
   --> crates\apeireth-sovereignty\src\self_disable.rs:112:8
    |
 92 | impl SelfDisableGuard {
    | --------------------- method in this implementation
...
112 |     fn push_record(&mut self, trigger: SelfDisableTrigger, context: String) -> SelfDisableRecord {
    |        ^^^^^^^^^^^
    |
    = note: `#[warn(dead_code)]` (part of `#[warn(unused)]`) on by default

warning: function `trigger_no_degrade` is never used
 --> crates\apeireth-sovereignty\src\kani_proofs.rs:9:4
  |
9 | fn trigger_no_degrade() -> SelfDisableTrigger {
  |    ^^^^^^^^^^^^^^^^^^

warning: function `trigger_no_patch` is never used
  --> crates\apeireth-sovereignty\src\kani_proofs.rs:12:4
   |
12 | fn trigger_no_patch() -> SelfDisableTrigger {
   |    ^^^^^^^^^^^^^^^^

warning: function `trigger_no_bypass` is never used
  --> crates\apeireth-sovereignty\src\kani_proofs.rs:15:4
   |
15 | fn trigger_no_bypass() -> SelfDisableTrigger {
   |    ^^^^^^^^^^^^^^^^^

warning: function `trigger_no_reverse` is never used
  --> crates\apeireth-sovereignty\src\kani_proofs.rs:18:4
   |
18 | fn trigger_no_reverse() -> SelfDisableTrigger {
   |    ^^^^^^^^^^^^^^^^^^

warning: function `trigger_no_hide` is never used
  --> crates\apeireth-sovereignty\src\kani_proofs.rs:21:4
   |
21 | fn trigger_no_hide() -> SelfDisableTrigger {
   |    ^^^^^^^^^^^^^^^

warning: `apeireth-storage` (lib) generated 2 warnings (run `cargo fix --lib -p apeireth-storage` to apply 1 suggestion)
warning: `apeireth-sovereignty` (lib) generated 10 warnings (run `cargo fix --lib -p apeireth-sovereignty` to apply 4 suggestions)
    Checking apeireth-web v2.0.0 (C:\Users\31683\Apeireth-rust\reconstruction_v2\crates\apeireth-web)
    Finished `dev` profile [unoptimized + debuginfo] target(s) in 0.64s
